ARM Linker, 5.03 [Build 24] [MDK-ARM Professional]

==============================================================================

Section Cross References

    init.o(USER_STACK) refers (Special) to key.o(KEY_PROC) for KEY_SCAN
    init.o(USER_STACK) refers (Special) to tftlcd.o(TFTLCD_CODE) for LCD_DRAW_CHAR
    init.o(USER_STACK) refers (Special) to led.o(LED_PROC) for LEDB_OFF
    init.o(USER_STACK) refers (Special) to usart.o(USART_PROC) for USART1_PUTC
    init.o(USER_STACK) refers (Special) to common.o(COMMON_PROC) for USR_DELAY
    init.o(RESET) refers (Special) to key.o(KEY_PROC) for KEY_SCAN
    init.o(RESET) refers (Special) to tftlcd.o(TFTLCD_CODE) for LCD_DRAW_CHAR
    init.o(RESET) refers (Special) to led.o(LED_PROC) for LEDB_OFF
    init.o(RESET) refers (Special) to usart.o(USART_PROC) for USART1_PUTC
    init.o(RESET) refers (Special) to common.o(COMMON_PROC) for USR_DELAY
    init.o(RESET) refers to init.o(USER_STACK) for MSP_TOP
    init.o(RESET) refers to init.o(.TEXT) for Reset_Handler
    init.o(SYS_DATA) refers (Special) to key.o(KEY_PROC) for KEY_SCAN
    init.o(SYS_DATA) refers (Special) to tftlcd.o(TFTLCD_CODE) for LCD_DRAW_CHAR
    init.o(SYS_DATA) refers (Special) to led.o(LED_PROC) for LEDB_OFF
    init.o(SYS_DATA) refers (Special) to usart.o(USART_PROC) for USART1_PUTC
    init.o(SYS_DATA) refers (Special) to common.o(COMMON_PROC) for USR_DELAY
    init.o(.TEXT) refers (Special) to key.o(KEY_PROC) for KEY_SCAN
    init.o(.TEXT) refers (Special) to tftlcd.o(TFTLCD_CODE) for LCD_DRAW_CHAR
    init.o(.TEXT) refers (Special) to led.o(LED_PROC) for LEDB_OFF
    init.o(.TEXT) refers (Special) to usart.o(USART_PROC) for USART1_PUTC
    init.o(.TEXT) refers (Special) to common.o(COMMON_PROC) for USR_DELAY
    init.o(.TEXT) refers to init.o(SYS_DATA) for BRIUP
    init.o(.TEXT) refers to common.o(COMMON_DATA) for DELAY_NTIME
    common.o(COMMON_PROC) refers to common.o(COMMON_DATA) for DELAY_NTIME
    key.o(KEY_PROC) refers to common.o(COMMON_PROC) for USR_DELAY
    usart.o(USART_PROC) refers to common.o(COMMON_PROC) for NVIC_SET_PRIO
    usart.o(USART_PROC) refers to usart.o(USART_DATA) for USART1_RX_SIZE
    tftlcd.o(TFTLCD_CODE) refers to common.o(COMMON_PROC) for SYS_DELAY_MS
    tftlcd.o(TFTLCD_CODE) refers to usart.o(USART_PROC) for USART1_PUTC
    tftlcd.o(TFTLCD_CODE) refers to font.o(FONT) for F_ASCII_16
    __main.o(!!!main) refers to rtentry.o(.ARM.Collect$$rtentry$$00000000) for __rt_entry
    rtentry.o(.ARM.Collect$$rtentry$$00000000) refers (Special) to rtentry2.o(.ARM.Collect$$rtentry$$0000000A) for __rt_entry_li
    rtentry.o(.ARM.Collect$$rtentry$$00000000) refers (Special) to rtentry2.o(.ARM.Collect$$rtentry$$0000000D) for __rt_entry_main
    rtentry.o(.ARM.Collect$$rtentry$$00000000) refers (Special) to rtentry2.o(.ARM.Collect$$rtentry$$0000000C) for __rt_entry_postli_1
    rtentry.o(.ARM.Collect$$rtentry$$00000000) refers (Special) to rtentry2.o(.ARM.Collect$$rtentry$$00000009) for __rt_entry_postsh_1
    rtentry.o(.ARM.Collect$$rtentry$$00000000) refers (Special) to rtentry2.o(.ARM.Collect$$rtentry$$00000002) for __rt_entry_presh_1
    rtentry.o(.ARM.Collect$$rtentry$$00000000) refers (Special) to rtentry4.o(.ARM.Collect$$rtentry$$00000004) for __rt_entry_sh
    rtentry2.o(.ARM.Collect$$rtentry$$00000008) refers to boardinit2.o(.text) for _platform_post_stackheap_init
    rtentry2.o(.ARM.Collect$$rtentry$$0000000A) refers to libinit.o(.ARM.Collect$$libinit$$00000000) for __rt_lib_init
    rtentry2.o(.ARM.Collect$$rtentry$$0000000B) refers to boardinit3.o(.text) for _platform_post_lib_init
    rtentry2.o(.ARM.Collect$$rtentry$$0000000D) refers to main.o(.text) for main
    rtentry2.o(.ARM.Collect$$rtentry$$0000000D) refers to exit.o(.text) for exit
    rtentry2.o(.ARM.exidx) refers to rtentry2.o(.ARM.Collect$$rtentry$$00000001) for .ARM.Collect$$rtentry$$00000001
    rtentry2.o(.ARM.exidx) refers to rtentry2.o(.ARM.Collect$$rtentry$$00000008) for .ARM.Collect$$rtentry$$00000008
    rtentry2.o(.ARM.exidx) refers to rtentry2.o(.ARM.Collect$$rtentry$$0000000A) for .ARM.Collect$$rtentry$$0000000A
    rtentry2.o(.ARM.exidx) refers to rtentry2.o(.ARM.Collect$$rtentry$$0000000B) for .ARM.Collect$$rtentry$$0000000B
    rtentry2.o(.ARM.exidx) refers to rtentry2.o(.ARM.Collect$$rtentry$$0000000D) for .ARM.Collect$$rtentry$$0000000D
    rtentry4.o(.ARM.Collect$$rtentry$$00000004) refers to sys_stackheap_outer.o(.text) for __user_setup_stackheap
    rtentry4.o(.ARM.exidx) refers to rtentry4.o(.ARM.Collect$$rtentry$$00000004) for .ARM.Collect$$rtentry$$00000004
    sys_stackheap_outer.o(.text) refers to libspace.o(.text) for __user_perproc_libspace
    sys_stackheap_outer.o(.text) refers to sys_stackheap.o(.text) for __user_initial_stackheap
    exit.o(.text) refers to rtexit.o(.ARM.Collect$$rtexit$$00000000) for __rt_exit
    libinit.o(.ARM.Collect$$libinit$$00000000) refers (Special) to libinit2.o(.ARM.Collect$$libinit$$0000002C) for __rt_lib_init_alloca_1
    libinit.o(.ARM.Collect$$libinit$$00000000) refers (Special) to libinit2.o(.ARM.Collect$$libinit$$0000002A) for __rt_lib_init_argv_1
    libinit.o(.ARM.Collect$$libinit$$00000000) refers (Special) to libinit2.o(.ARM.Collect$$libinit$$00000019) for __rt_lib_init_atexit_1
    libinit.o(.ARM.Collect$$libinit$$00000000) refers (Special) to libinit2.o(.ARM.Collect$$libinit$$0000001F) for __rt_lib_init_clock_1
    libinit.o(.ARM.Collect$$libinit$$00000000) refers (Special) to libinit2.o(.ARM.Collect$$libinit$$00000030) for __rt_lib_init_cpp_1
    libinit.o(.ARM.Collect$$libinit$$00000000) refers (Special) to libinit2.o(.ARM.Collect$$libinit$$0000002E) for __rt_lib_init_exceptions_1
    libinit.o(.ARM.Collect$$libinit$$00000000) refers (Special) to libinit2.o(.ARM.Collect$$libinit$$00000002) for __rt_lib_init_fp_1
    libinit.o(.ARM.Collect$$libinit$$00000000) refers (Special) to libinit2.o(.ARM.Collect$$libinit$$0000001D) for __rt_lib_init_fp_trap_1
    libinit.o(.ARM.Collect$$libinit$$00000000) refers (Special) to libinit2.o(.ARM.Collect$$libinit$$00000021) for __rt_lib_init_getenv_1
    libinit.o(.ARM.Collect$$libinit$$00000000) refers (Special) to libinit2.o(.ARM.Collect$$libinit$$00000008) for __rt_lib_init_heap_1
    libinit.o(.ARM.Collect$$libinit$$00000000) refers (Special) to libinit2.o(.ARM.Collect$$libinit$$0000000F) for __rt_lib_init_lc_collate_1
    libinit.o(.ARM.Collect$$libinit$$00000000) refers (Special) to libinit2.o(.ARM.Collect$$libinit$$00000011) for __rt_lib_init_lc_ctype_1
    libinit.o(.ARM.Collect$$libinit$$00000000) refers (Special) to libinit2.o(.ARM.Collect$$libinit$$00000013) for __rt_lib_init_lc_monetary_1
    libinit.o(.ARM.Collect$$libinit$$00000000) refers (Special) to libinit2.o(.ARM.Collect$$libinit$$00000015) for __rt_lib_init_lc_numeric_1
    libinit.o(.ARM.Collect$$libinit$$00000000) refers (Special) to libinit2.o(.ARM.Collect$$libinit$$00000017) for __rt_lib_init_lc_time_1
    libinit.o(.ARM.Collect$$libinit$$00000000) refers (Special) to libinit2.o(.ARM.Collect$$libinit$$0000000C) for __rt_lib_init_rand_1
    libinit.o(.ARM.Collect$$libinit$$00000000) refers (Special) to libinit2.o(.ARM.Collect$$libinit$$00000031) for __rt_lib_init_return
    libinit.o(.ARM.Collect$$libinit$$00000000) refers (Special) to libinit2.o(.ARM.Collect$$libinit$$0000001B) for __rt_lib_init_signal_1
    libinit.o(.ARM.Collect$$libinit$$00000000) refers (Special) to libinit2.o(.ARM.Collect$$libinit$$00000023) for __rt_lib_init_stdio_1
    libinit.o(.ARM.Collect$$libinit$$00000000) refers (Special) to libinit2.o(.ARM.Collect$$libinit$$0000000A) for __rt_lib_init_user_alloc_1
    libspace.o(.text) refers to libspace.o(.bss) for __libspace_start
    sys_stackheap.o(.text) refers (Special) to indicate_semi.o(.text) for __semihosting_library_function
    sys_stackheap.o(.text) refers to use_no_semi.o(.text) for __I$use$semihosting
    rtexit.o(.ARM.Collect$$rtexit$$00000000) refers (Special) to rtexit2.o(.ARM.Collect$$rtexit$$00000004) for __rt_exit_exit
    rtexit.o(.ARM.Collect$$rtexit$$00000000) refers (Special) to rtexit2.o(.ARM.Collect$$rtexit$$00000003) for __rt_exit_ls
    rtexit.o(.ARM.Collect$$rtexit$$00000000) refers (Special) to rtexit2.o(.ARM.Collect$$rtexit$$00000002) for __rt_exit_prels_1
    rtexit.o(.ARM.exidx) refers (Special) to rtexit2.o(.ARM.Collect$$rtexit$$00000004) for __rt_exit_exit
    rtexit.o(.ARM.exidx) refers (Special) to rtexit2.o(.ARM.Collect$$rtexit$$00000003) for __rt_exit_ls
    rtexit.o(.ARM.exidx) refers (Special) to rtexit2.o(.ARM.Collect$$rtexit$$00000002) for __rt_exit_prels_1
    rtexit.o(.ARM.exidx) refers to rtexit.o(.ARM.Collect$$rtexit$$00000000) for .ARM.Collect$$rtexit$$00000000
    libinit2.o(.ARM.Collect$$libinit$$0000000E) refers to libinit2.o(.ARM.Collect$$libinit$$0000000D) for .ARM.Collect$$libinit$$0000000D
    libinit2.o(.ARM.Collect$$libinit$$00000010) refers to libinit2.o(.ARM.Collect$$libinit$$0000000D) for .ARM.Collect$$libinit$$0000000D
    libinit2.o(.ARM.Collect$$libinit$$00000012) refers to libinit2.o(.ARM.Collect$$libinit$$0000000D) for .ARM.Collect$$libinit$$0000000D
    libinit2.o(.ARM.Collect$$libinit$$00000014) refers to libinit2.o(.ARM.Collect$$libinit$$0000000D) for .ARM.Collect$$libinit$$0000000D
    libinit2.o(.ARM.Collect$$libinit$$00000016) refers to libinit2.o(.ARM.Collect$$libinit$$0000000D) for .ARM.Collect$$libinit$$0000000D
    libinit2.o(.ARM.Collect$$libinit$$00000024) refers to argv_veneer.o(.emb_text) for __ARM_argv_veneer
    libinit2.o(.ARM.Collect$$libinit$$00000025) refers to argv_veneer.o(.emb_text) for __ARM_argv_veneer
    rtexit2.o(.ARM.Collect$$rtexit$$00000003) refers to libshutdown.o(.ARM.Collect$$libshutdown$$00000000) for __rt_lib_shutdown
    rtexit2.o(.ARM.Collect$$rtexit$$00000004) refers to sys_exit.o(.text) for _sys_exit
    rtexit2.o(.ARM.exidx) refers to rtexit2.o(.ARM.Collect$$rtexit$$00000001) for .ARM.Collect$$rtexit$$00000001
    rtexit2.o(.ARM.exidx) refers to rtexit2.o(.ARM.Collect$$rtexit$$00000003) for .ARM.Collect$$rtexit$$00000003
    rtexit2.o(.ARM.exidx) refers to rtexit2.o(.ARM.Collect$$rtexit$$00000004) for .ARM.Collect$$rtexit$$00000004
    argv_veneer.o(.emb_text) refers to no_argv.o(.text) for __ARM_get_argv
    sys_exit.o(.text) refers (Special) to use_no_semi.o(.text) for __I$use$semihosting
    sys_exit.o(.text) refers (Special) to indicate_semi.o(.text) for __semihosting_library_function
    _get_argv_nomalloc.o(.text) refers (Special) to hrguard.o(.text) for __heap_region$guard
    _get_argv_nomalloc.o(.text) refers to defsig_rtmem_outer.o(.text) for __rt_SIGRTMEM
    _get_argv_nomalloc.o(.text) refers to sys_command.o(.text) for _sys_command_string
    libshutdown.o(.ARM.Collect$$libshutdown$$00000000) refers (Special) to libshutdown2.o(.ARM.Collect$$libshutdown$$00000006) for __rt_lib_shutdown_fp_trap_1
    libshutdown.o(.ARM.Collect$$libshutdown$$00000000) refers (Special) to libshutdown2.o(.ARM.Collect$$libshutdown$$0000000E) for __rt_lib_shutdown_heap_1
    libshutdown.o(.ARM.Collect$$libshutdown$$00000000) refers (Special) to libshutdown2.o(.ARM.Collect$$libshutdown$$0000000F) for __rt_lib_shutdown_return
    libshutdown.o(.ARM.Collect$$libshutdown$$00000000) refers (Special) to libshutdown2.o(.ARM.Collect$$libshutdown$$00000009) for __rt_lib_shutdown_signal_1
    libshutdown.o(.ARM.Collect$$libshutdown$$00000000) refers (Special) to libshutdown2.o(.ARM.Collect$$libshutdown$$00000003) for __rt_lib_shutdown_stdio_1
    libshutdown.o(.ARM.Collect$$libshutdown$$00000000) refers (Special) to libshutdown2.o(.ARM.Collect$$libshutdown$$0000000B) for __rt_lib_shutdown_user_alloc_1
    sys_command.o(.text) refers (Special) to use_no_semi.o(.text) for __I$use$semihosting
    sys_command.o(.text) refers (Special) to indicate_semi.o(.text) for __semihosting_library_function
    defsig_rtmem_outer.o(.text) refers to defsig_rtmem_inner.o(.text) for __rt_SIGRTMEM_inner
    defsig_rtmem_outer.o(.text) refers to defsig_exit.o(.text) for __sig_exit
    defsig_rtmem_formal.o(.text) refers to rt_raise.o(.text) for __rt_raise
    rt_raise.o(.text) refers to __raise.o(.text) for __raise
    rt_raise.o(.text) refers to sys_exit.o(.text) for _sys_exit
    defsig_exit.o(.text) refers to sys_exit.o(.text) for _sys_exit
    defsig_rtmem_inner.o(.text) refers to defsig_general.o(.text) for __default_signal_display
    __raise.o(.text) refers to defsig.o(CL$$defsig) for __default_signal_handler
    defsig_general.o(.text) refers to sys_wrch.o(.text) for _ttywrch
    sys_wrch.o(.text) refers (Special) to use_no_semi.o(.text) for __I$use$semihosting
    sys_wrch.o(.text) refers (Special) to indicate_semi.o(.text) for __semihosting_library_function
    defsig.o(CL$$defsig) refers to defsig_rtmem_inner.o(.text) for __rt_SIGRTMEM_inner
    defsig_abrt_inner.o(.text) refers to defsig_general.o(.text) for __default_signal_display
    defsig_fpe_inner.o(.text) refers to defsig_general.o(.text) for __default_signal_display
    defsig_rtred_inner.o(.text) refers to defsig_general.o(.text) for __default_signal_display
    defsig_stak_inner.o(.text) refers to defsig_general.o(.text) for __default_signal_display
    defsig_pvfn_inner.o(.text) refers to defsig_general.o(.text) for __default_signal_display
    defsig_cppl_inner.o(.text) refers to defsig_general.o(.text) for __default_signal_display
    defsig_segv_inner.o(.text) refers to defsig_general.o(.text) for __default_signal_display
    defsig_other.o(.text) refers to defsig_general.o(.text) for __default_signal_display


==============================================================================

Image Symbol Table

    Local Symbols

    Symbol Name                              Value     Ov Type        Size  Object(Section)

    ../clib/angel/boardlib.s                 0x00000000   Number         0  boardinit3.o ABSOLUTE
    ../clib/angel/boardlib.s                 0x00000000   Number         0  boardinit2.o ABSOLUTE
    ../clib/angel/boardlib.s                 0x00000000   Number         0  boardinit1.o ABSOLUTE
    ../clib/angel/boardlib.s                 0x00000000   Number         0  boardshut.o ABSOLUTE
    ../clib/angel/handlers.s                 0x00000000   Number         0  __scatter_zi.o ABSOLUTE
    ../clib/angel/handlers.s                 0x00000000   Number         0  __scatter_copy.o ABSOLUTE
    ../clib/angel/kernel.s                   0x00000000   Number         0  rtexit2.o ABSOLUTE
    ../clib/angel/kernel.s                   0x00000000   Number         0  rtentry.o ABSOLUTE
    ../clib/angel/kernel.s                   0x00000000   Number         0  rtentry4.o ABSOLUTE
    ../clib/angel/kernel.s                   0x00000000   Number         0  rtentry2.o ABSOLUTE
    ../clib/angel/kernel.s                   0x00000000   Number         0  rtexit.o ABSOLUTE
    ../clib/angel/rt.s                       0x00000000   Number         0  rt_raise.o ABSOLUTE
    ../clib/angel/scatter.s                  0x00000000   Number         0  __scatter.o ABSOLUTE
    ../clib/angel/startup.s                  0x00000000   Number         0  __main.o ABSOLUTE
    ../clib/angel/sys.s                      0x00000000   Number         0  use_no_semi.o ABSOLUTE
    ../clib/angel/sys.s                      0x00000000   Number         0  libspace.o ABSOLUTE
    ../clib/angel/sys.s                      0x00000000   Number         0  indicate_semi.o ABSOLUTE
    ../clib/angel/sys.s                      0x00000000   Number         0  sys_stackheap_outer.o ABSOLUTE
    ../clib/angel/sys.s                      0x00000000   Number         0  sys_stackheap.o ABSOLUTE
    ../clib/angel/sysapp.c                   0x00000000   Number         0  sys_command.o ABSOLUTE
    ../clib/angel/sysapp.c                   0x00000000   Number         0  sys_wrch.o ABSOLUTE
    ../clib/angel/sysapp.c                   0x00000000   Number         0  sys_exit.o ABSOLUTE
    ../clib/armsys.c                         0x00000000   Number         0  _get_argv_nomalloc.o ABSOLUTE
    ../clib/armsys.c                         0x00000000   Number         0  no_argv.o ABSOLUTE
    ../clib/armsys.c                         0x00000000   Number         0  argv_veneer.o ABSOLUTE
    ../clib/armsys.c                         0x00000000   Number         0  argv_veneer.o ABSOLUTE
    ../clib/heapalloc.c                      0x00000000   Number         0  hrguard.o ABSOLUTE
    ../clib/libinit.s                        0x00000000   Number         0  libshutdown.o ABSOLUTE
    ../clib/libinit.s                        0x00000000   Number         0  libinit.o ABSOLUTE
    ../clib/libinit.s                        0x00000000   Number         0  libshutdown2.o ABSOLUTE
    ../clib/libinit.s                        0x00000000   Number         0  libinit2.o ABSOLUTE
    ../clib/signal.c                         0x00000000   Number         0  defsig_rtmem_formal.o ABSOLUTE
    ../clib/signal.c                         0x00000000   Number         0  __raise.o ABSOLUTE
    ../clib/signal.c                         0x00000000   Number         0  defsig_rtmem_inner.o ABSOLUTE
    ../clib/signal.c                         0x00000000   Number         0  defsig_exit.o ABSOLUTE
    ../clib/signal.c                         0x00000000   Number         0  defsig_rtmem_outer.o ABSOLUTE
    ../clib/signal.c                         0x00000000   Number         0  defsig_general.o ABSOLUTE
    ../clib/signal.c                         0x00000000   Number         0  defsig_other.o ABSOLUTE
    ../clib/signal.c                         0x00000000   Number         0  defsig_segv_inner.o ABSOLUTE
    ../clib/signal.c                         0x00000000   Number         0  defsig_cppl_inner.o ABSOLUTE
    ../clib/signal.c                         0x00000000   Number         0  defsig_pvfn_inner.o ABSOLUTE
    ../clib/signal.c                         0x00000000   Number         0  defsig_stak_inner.o ABSOLUTE
    ../clib/signal.c                         0x00000000   Number         0  defsig_rtred_inner.o ABSOLUTE
    ../clib/signal.c                         0x00000000   Number         0  defsig_fpe_inner.o ABSOLUTE
    ../clib/signal.c                         0x00000000   Number         0  defsig_abrt_inner.o ABSOLUTE
    ../clib/signal.s                         0x00000000   Number         0  defsig.o ABSOLUTE
    ../clib/stdlib.c                         0x00000000   Number         0  exit.o ABSOLUTE
    ../fplib/fpinit.s                        0x00000000   Number         0  fpinit.o ABSOLUTE
    codes\common.s                           0x00000000   Number         0  common.o ABSOLUTE
    codes\font.s                             0x00000000   Number         0  font.o ABSOLUTE
    codes\init.s                             0x00000000   Number         0  init.o ABSOLUTE
    codes\key.s                              0x00000000   Number         0  key.o ABSOLUTE
    codes\led.s                              0x00000000   Number         0  led.o ABSOLUTE
    codes\main.c                             0x00000000   Number         0  main.o ABSOLUTE
    codes\map.s                              0x00000000   Number         0  map.o ABSOLUTE
    codes\tftlcd.s                           0x00000000   Number         0  tftlcd.o ABSOLUTE
    codes\usart.s                            0x00000000   Number         0  usart.o ABSOLUTE
    dc.s                                     0x00000000   Number         0  dc.o ABSOLUTE
    RESET                                    0x08000000   Section      504  init.o(RESET)
    !!!main                                  0x080001f8   Section        8  __main.o(!!!main)
    !!!scatter                               0x08000200   Section       52  __scatter.o(!!!scatter)
    !!handler_copy                           0x08000234   Section       26  __scatter_copy.o(!!handler_copy)
    !!handler_zi                             0x08000250   Section       28  __scatter_zi.o(!!handler_zi)
    .ARM.Collect$$libinit$$00000000          0x0800026c   Section        2  libinit.o(.ARM.Collect$$libinit$$00000000)
    .ARM.Collect$$libinit$$00000002          0x0800026e   Section        0  libinit2.o(.ARM.Collect$$libinit$$00000002)
    .ARM.Collect$$libinit$$00000008          0x0800026e   Section        0  libinit2.o(.ARM.Collect$$libinit$$00000008)
    .ARM.Collect$$libinit$$0000000A          0x0800026e   Section        0  libinit2.o(.ARM.Collect$$libinit$$0000000A)
    .ARM.Collect$$libinit$$0000000C          0x0800026e   Section        0  libinit2.o(.ARM.Collect$$libinit$$0000000C)
    .ARM.Collect$$libinit$$0000000F          0x0800026e   Section        0  libinit2.o(.ARM.Collect$$libinit$$0000000F)
    .ARM.Collect$$libinit$$00000011          0x0800026e   Section        0  libinit2.o(.ARM.Collect$$libinit$$00000011)
    .ARM.Collect$$libinit$$00000013          0x0800026e   Section        0  libinit2.o(.ARM.Collect$$libinit$$00000013)
    .ARM.Collect$$libinit$$00000015          0x0800026e   Section        0  libinit2.o(.ARM.Collect$$libinit$$00000015)
    .ARM.Collect$$libinit$$00000017          0x0800026e   Section        0  libinit2.o(.ARM.Collect$$libinit$$00000017)
    .ARM.Collect$$libinit$$00000019          0x0800026e   Section        0  libinit2.o(.ARM.Collect$$libinit$$00000019)
    .ARM.Collect$$libinit$$0000001B          0x0800026e   Section        0  libinit2.o(.ARM.Collect$$libinit$$0000001B)
    .ARM.Collect$$libinit$$0000001D          0x0800026e   Section        0  libinit2.o(.ARM.Collect$$libinit$$0000001D)
    .ARM.Collect$$libinit$$0000001F          0x0800026e   Section        0  libinit2.o(.ARM.Collect$$libinit$$0000001F)
    .ARM.Collect$$libinit$$00000021          0x0800026e   Section        0  libinit2.o(.ARM.Collect$$libinit$$00000021)
    .ARM.Collect$$libinit$$00000023          0x0800026e   Section        0  libinit2.o(.ARM.Collect$$libinit$$00000023)
    .ARM.Collect$$libinit$$0000002A          0x0800026e   Section        0  libinit2.o(.ARM.Collect$$libinit$$0000002A)
    .ARM.Collect$$libinit$$0000002C          0x0800026e   Section        0  libinit2.o(.ARM.Collect$$libinit$$0000002C)
    .ARM.Collect$$libinit$$0000002E          0x0800026e   Section        0  libinit2.o(.ARM.Collect$$libinit$$0000002E)
    .ARM.Collect$$libinit$$00000030          0x0800026e   Section        0  libinit2.o(.ARM.Collect$$libinit$$00000030)
    .ARM.Collect$$libinit$$00000031          0x0800026e   Section        2  libinit2.o(.ARM.Collect$$libinit$$00000031)
    .ARM.Collect$$libshutdown$$00000000      0x08000270   Section        2  libshutdown.o(.ARM.Collect$$libshutdown$$00000000)
    .ARM.Collect$$libshutdown$$00000003      0x08000272   Section        0  libshutdown2.o(.ARM.Collect$$libshutdown$$00000003)
    .ARM.Collect$$libshutdown$$00000006      0x08000272   Section        0  libshutdown2.o(.ARM.Collect$$libshutdown$$00000006)
    .ARM.Collect$$libshutdown$$00000009      0x08000272   Section        0  libshutdown2.o(.ARM.Collect$$libshutdown$$00000009)
    .ARM.Collect$$libshutdown$$0000000B      0x08000272   Section        0  libshutdown2.o(.ARM.Collect$$libshutdown$$0000000B)
    .ARM.Collect$$libshutdown$$0000000E      0x08000272   Section        0  libshutdown2.o(.ARM.Collect$$libshutdown$$0000000E)
    .ARM.Collect$$libshutdown$$0000000F      0x08000272   Section        2  libshutdown2.o(.ARM.Collect$$libshutdown$$0000000F)
    .ARM.Collect$$rtentry$$00000000          0x08000274   Section        0  rtentry.o(.ARM.Collect$$rtentry$$00000000)
    .ARM.Collect$$rtentry$$00000002          0x08000274   Section        0  rtentry2.o(.ARM.Collect$$rtentry$$00000002)
    .ARM.Collect$$rtentry$$00000004          0x08000274   Section        6  rtentry4.o(.ARM.Collect$$rtentry$$00000004)
    .ARM.Collect$$rtentry$$00000009          0x0800027a   Section        0  rtentry2.o(.ARM.Collect$$rtentry$$00000009)
    .ARM.Collect$$rtentry$$0000000A          0x0800027a   Section        4  rtentry2.o(.ARM.Collect$$rtentry$$0000000A)
    .ARM.Collect$$rtentry$$0000000C          0x0800027e   Section        0  rtentry2.o(.ARM.Collect$$rtentry$$0000000C)
    .ARM.Collect$$rtentry$$0000000D          0x0800027e   Section        8  rtentry2.o(.ARM.Collect$$rtentry$$0000000D)
    .ARM.Collect$$rtexit$$00000000           0x08000286   Section        2  rtexit.o(.ARM.Collect$$rtexit$$00000000)
    .ARM.Collect$$rtexit$$00000002           0x08000288   Section        0  rtexit2.o(.ARM.Collect$$rtexit$$00000002)
    .ARM.Collect$$rtexit$$00000003           0x08000288   Section        4  rtexit2.o(.ARM.Collect$$rtexit$$00000003)
    .ARM.Collect$$rtexit$$00000004           0x0800028c   Section        6  rtexit2.o(.ARM.Collect$$rtexit$$00000004)
    .TEXT                                    0x08000294   Section      272  init.o(.TEXT)
    .text                                    0x080003a4   Section        0  main.o(.text)
    .text                                    0x080003a8   Section       74  sys_stackheap_outer.o(.text)
    .text                                    0x080003f2   Section        0  exit.o(.text)
    .text                                    0x08000400   Section        8  libspace.o(.text)
    .text                                    0x08000408   Section       48  sys_stackheap.o(.text)
    .text                                    0x08000438   Section        2  use_no_semi.o(.text)
    .text                                    0x0800043a   Section        0  indicate_semi.o(.text)
    .text                                    0x0800043c   Section        0  sys_exit.o(.text)
    COMMON_PROC                              0x08000448   Section      248  common.o(COMMON_PROC)
    KEY_PROC                                 0x08000540   Section      292  key.o(KEY_PROC)
    LED_PROC                                 0x08000664   Section      180  led.o(LED_PROC)
    TFTLCD_CODE                              0x08000718   Section     1308  tftlcd.o(TFTLCD_CODE)
    USART_PROC                               0x08000c34   Section      344  usart.o(USART_PROC)
    FONT                                     0x08000d8c   Section     1520  font.o(FONT)
    SYS_DATA                                 0x0800139c   Section       14  init.o(SYS_DATA)
    BRIUP                                    0x0800139c   Data          14  init.o(SYS_DATA)
    COMMON_DATA                              0x20000000   Section        4  common.o(COMMON_DATA)
    USART_DATA                               0x20000004   Section      267  usart.o(USART_DATA)
    USART1_RX_SEEK                           0x20000004   Data           4  usart.o(USART_DATA)
    USART1_RX_SIZE                           0x20000008   Data           4  usart.o(USART_DATA)
    USART1_RX_STAT                           0x2000000c   Data           4  usart.o(USART_DATA)
    USART1_RX_BUF                            0x20000010   Data         255  usart.o(USART_DATA)
    .bss                                     0x20000110   Section       96  libspace.o(.bss)
    USER_STACK                               0x20000170   Section     2048  init.o(USER_STACK)
    MSP_TOP                                  0x20000570   Data           0  init.o(USER_STACK)

    Global Symbols

    Symbol Name                              Value     Ov Type        Size  Object(Section)

    BuildAttributes$$THM_ISAv4$P$D$K$B$S$PE$A:L22UL41UL21$X:L11$S22US41US21$IEEE1$IW$USESV6$~STKCKD$USESV7$~SHL$OSPACE$ROPI$EBA8$UX$STANDARDLIB$REQ8$EABIv2 0x00000000   Number         0  anon$$obj.o ABSOLUTE
    __ARM_use_no_argv                        0x00000000   Number         0  main.o ABSOLUTE
    Image$$ZI$$Limit                          - Undefined Weak Reference
    __ARM_exceptions_init                     - Undefined Weak Reference
    __alloca_initialize                       - Undefined Weak Reference
    __cpp_initialize__aeabi_                  - Undefined Weak Reference
    __cxa_finalize                            - Undefined Weak Reference
    __rt_locale                               - Undefined Weak Reference
    __sigvec_lookup                           - Undefined Weak Reference
    _atexit_init                              - Undefined Weak Reference
    _call_atexit_fns                          - Undefined Weak Reference
    _clock_init                               - Undefined Weak Reference
    _fp_trap_init                             - Undefined Weak Reference
    _fp_trap_shutdown                         - Undefined Weak Reference
    _get_lc_collate                           - Undefined Weak Reference
    _get_lc_ctype                             - Undefined Weak Reference
    _get_lc_monetary                          - Undefined Weak Reference
    _get_lc_numeric                           - Undefined Weak Reference
    _get_lc_time                              - Undefined Weak Reference
    _getenv_init                              - Undefined Weak Reference
    _handle_redirection                       - Undefined Weak Reference
    _init_alloc                               - Undefined Weak Reference
    _init_user_alloc                          - Undefined Weak Reference
    _initio                                   - Undefined Weak Reference
    _rand_init                                - Undefined Weak Reference
    _signal_finish                            - Undefined Weak Reference
    _signal_init                              - Undefined Weak Reference
    _terminate_alloc                          - Undefined Weak Reference
    _terminate_user_alloc                     - Undefined Weak Reference
    _terminateio                              - Undefined Weak Reference
    __Vectors_Size                           0x000001f8   Number         0  init.o ABSOLUTE
    __Vectors                                0x08000000   Data           4  init.o(RESET)
    __Vectors_End                            0x080001f8   Data           0  init.o(RESET)
    __main                                   0x080001f9   Thumb Code     8  __main.o(!!!main)
    __scatterload                            0x08000201   Thumb Code     0  __scatter.o(!!!scatter)
    __scatterload_rt2                        0x08000201   Thumb Code    44  __scatter.o(!!!scatter)
    __scatterload_rt2_thumb_only             0x08000201   Thumb Code     0  __scatter.o(!!!scatter)
    __scatterload_null                       0x0800020f   Thumb Code     0  __scatter.o(!!!scatter)
    __scatterload_copy                       0x08000235   Thumb Code    26  __scatter_copy.o(!!handler_copy)
    __scatterload_zeroinit                   0x08000251   Thumb Code    28  __scatter_zi.o(!!handler_zi)
    __rt_lib_init                            0x0800026d   Thumb Code     0  libinit.o(.ARM.Collect$$libinit$$00000000)
    __rt_lib_init_alloca_1                   0x0800026f   Thumb Code     0  libinit2.o(.ARM.Collect$$libinit$$0000002C)
    __rt_lib_init_argv_1                     0x0800026f   Thumb Code     0  libinit2.o(.ARM.Collect$$libinit$$0000002A)
    __rt_lib_init_atexit_1                   0x0800026f   Thumb Code     0  libinit2.o(.ARM.Collect$$libinit$$00000019)
    __rt_lib_init_clock_1                    0x0800026f   Thumb Code     0  libinit2.o(.ARM.Collect$$libinit$$0000001F)
    __rt_lib_init_cpp_1                      0x0800026f   Thumb Code     0  libinit2.o(.ARM.Collect$$libinit$$00000030)
    __rt_lib_init_exceptions_1               0x0800026f   Thumb Code     0  libinit2.o(.ARM.Collect$$libinit$$0000002E)
    __rt_lib_init_fp_1                       0x0800026f   Thumb Code     0  libinit2.o(.ARM.Collect$$libinit$$00000002)
    __rt_lib_init_fp_trap_1                  0x0800026f   Thumb Code     0  libinit2.o(.ARM.Collect$$libinit$$0000001D)
    __rt_lib_init_getenv_1                   0x0800026f   Thumb Code     0  libinit2.o(.ARM.Collect$$libinit$$00000021)
    __rt_lib_init_heap_1                     0x0800026f   Thumb Code     0  libinit2.o(.ARM.Collect$$libinit$$00000008)
    __rt_lib_init_lc_collate_1               0x0800026f   Thumb Code     0  libinit2.o(.ARM.Collect$$libinit$$0000000F)
    __rt_lib_init_lc_ctype_1                 0x0800026f   Thumb Code     0  libinit2.o(.ARM.Collect$$libinit$$00000011)
    __rt_lib_init_lc_monetary_1              0x0800026f   Thumb Code     0  libinit2.o(.ARM.Collect$$libinit$$00000013)
    __rt_lib_init_lc_numeric_1               0x0800026f   Thumb Code     0  libinit2.o(.ARM.Collect$$libinit$$00000015)
    __rt_lib_init_lc_time_1                  0x0800026f   Thumb Code     0  libinit2.o(.ARM.Collect$$libinit$$00000017)
    __rt_lib_init_rand_1                     0x0800026f   Thumb Code     0  libinit2.o(.ARM.Collect$$libinit$$0000000C)
    __rt_lib_init_return                     0x0800026f   Thumb Code     0  libinit2.o(.ARM.Collect$$libinit$$00000031)
    __rt_lib_init_signal_1                   0x0800026f   Thumb Code     0  libinit2.o(.ARM.Collect$$libinit$$0000001B)
    __rt_lib_init_stdio_1                    0x0800026f   Thumb Code     0  libinit2.o(.ARM.Collect$$libinit$$00000023)
    __rt_lib_init_user_alloc_1               0x0800026f   Thumb Code     0  libinit2.o(.ARM.Collect$$libinit$$0000000A)
    __rt_lib_shutdown                        0x08000271   Thumb Code     0  libshutdown.o(.ARM.Collect$$libshutdown$$00000000)
    __rt_lib_shutdown_fp_trap_1              0x08000273   Thumb Code     0  libshutdown2.o(.ARM.Collect$$libshutdown$$00000006)
    __rt_lib_shutdown_heap_1                 0x08000273   Thumb Code     0  libshutdown2.o(.ARM.Collect$$libshutdown$$0000000E)
    __rt_lib_shutdown_return                 0x08000273   Thumb Code     0  libshutdown2.o(.ARM.Collect$$libshutdown$$0000000F)
    __rt_lib_shutdown_signal_1               0x08000273   Thumb Code     0  libshutdown2.o(.ARM.Collect$$libshutdown$$00000009)
    __rt_lib_shutdown_stdio_1                0x08000273   Thumb Code     0  libshutdown2.o(.ARM.Collect$$libshutdown$$00000003)
    __rt_lib_shutdown_user_alloc_1           0x08000273   Thumb Code     0  libshutdown2.o(.ARM.Collect$$libshutdown$$0000000B)
    __rt_entry                               0x08000275   Thumb Code     0  rtentry.o(.ARM.Collect$$rtentry$$00000000)
    __rt_entry_presh_1                       0x08000275   Thumb Code     0  rtentry2.o(.ARM.Collect$$rtentry$$00000002)
    __rt_entry_sh                            0x08000275   Thumb Code     0  rtentry4.o(.ARM.Collect$$rtentry$$00000004)
    __rt_entry_li                            0x0800027b   Thumb Code     0  rtentry2.o(.ARM.Collect$$rtentry$$0000000A)
    __rt_entry_postsh_1                      0x0800027b   Thumb Code     0  rtentry2.o(.ARM.Collect$$rtentry$$00000009)
    __rt_entry_main                          0x0800027f   Thumb Code     0  rtentry2.o(.ARM.Collect$$rtentry$$0000000D)
    __rt_entry_postli_1                      0x0800027f   Thumb Code     0  rtentry2.o(.ARM.Collect$$rtentry$$0000000C)
    __rt_exit                                0x08000287   Thumb Code     0  rtexit.o(.ARM.Collect$$rtexit$$00000000)
    __rt_exit_ls                             0x08000289   Thumb Code     0  rtexit2.o(.ARM.Collect$$rtexit$$00000003)
    __rt_exit_prels_1                        0x08000289   Thumb Code     0  rtexit2.o(.ARM.Collect$$rtexit$$00000002)
    __rt_exit_exit                           0x0800028d   Thumb Code     0  rtexit2.o(.ARM.Collect$$rtexit$$00000004)
    Reset_Handler                            0x08000295   Thumb Code    96  init.o(.TEXT)
    NMI_Handler                              0x080002f5   Thumb Code     2  init.o(.TEXT)
    HardFault_Handler                        0x080002f7   Thumb Code     2  init.o(.TEXT)
    MemManage_Handler                        0x080002f9   Thumb Code     2  init.o(.TEXT)
    BusFault_Handler                         0x080002fb   Thumb Code     2  init.o(.TEXT)
    UsageFault_Handler                       0x080002fd   Thumb Code     2  init.o(.TEXT)
    SVC_Handler                              0x080002ff   Thumb Code     2  init.o(.TEXT)
    DebugMon_Handler                         0x08000301   Thumb Code     2  init.o(.TEXT)
    PendSV_Handler                           0x08000303   Thumb Code     2  init.o(.TEXT)
    SysTick_Handler                          0x08000305   Thumb Code    18  init.o(.TEXT)
    ADC1_2_IRQHandler                        0x08000317   Thumb Code     0  init.o(.TEXT)
    ADC3_IRQHandler                          0x08000317   Thumb Code     0  init.o(.TEXT)
    CAN1_RX1_IRQHandler                      0x08000317   Thumb Code     0  init.o(.TEXT)
    CAN1_SCE_IRQHandler                      0x08000317   Thumb Code     0  init.o(.TEXT)
    DMA1_Channel1_IRQHandler                 0x08000317   Thumb Code     0  init.o(.TEXT)
    DMA1_Channel2_IRQHandler                 0x08000317   Thumb Code     0  init.o(.TEXT)
    DMA1_Channel3_IRQHandler                 0x08000317   Thumb Code     0  init.o(.TEXT)
    DMA1_Channel4_IRQHandler                 0x08000317   Thumb Code     0  init.o(.TEXT)
    DMA1_Channel5_IRQHandler                 0x08000317   Thumb Code     0  init.o(.TEXT)
    DMA1_Channel6_IRQHandler                 0x08000317   Thumb Code     0  init.o(.TEXT)
    DMA1_Channel7_IRQHandler                 0x08000317   Thumb Code     0  init.o(.TEXT)
    DMA2_Channel1_IRQHandler                 0x08000317   Thumb Code     0  init.o(.TEXT)
    DMA2_Channel2_IRQHandler                 0x08000317   Thumb Code     0  init.o(.TEXT)
    DMA2_Channel3_IRQHandler                 0x08000317   Thumb Code     0  init.o(.TEXT)
    DMA2_Channel4_5_IRQHandler               0x08000317   Thumb Code     0  init.o(.TEXT)
    EXTI0_IRQHandler                         0x08000317   Thumb Code     0  init.o(.TEXT)
    EXTI15_10_IRQHandler                     0x08000317   Thumb Code     0  init.o(.TEXT)
    EXTI1_IRQHandler                         0x08000317   Thumb Code     0  init.o(.TEXT)
    EXTI2_IRQHandler                         0x08000317   Thumb Code     0  init.o(.TEXT)
    EXTI3_IRQHandler                         0x08000317   Thumb Code     0  init.o(.TEXT)
    EXTI4_IRQHandler                         0x08000317   Thumb Code     0  init.o(.TEXT)
    EXTI9_5_IRQHandler                       0x08000317   Thumb Code     0  init.o(.TEXT)
    FLASH_IRQHandler                         0x08000317   Thumb Code     0  init.o(.TEXT)
    FSMC_IRQHandler                          0x08000317   Thumb Code     0  init.o(.TEXT)
    I2C1_ER_IRQHandler                       0x08000317   Thumb Code     0  init.o(.TEXT)
    I2C1_EV_IRQHandler                       0x08000317   Thumb Code     0  init.o(.TEXT)
    I2C2_ER_IRQHandler                       0x08000317   Thumb Code     0  init.o(.TEXT)
    I2C2_EV_IRQHandler                       0x08000317   Thumb Code     0  init.o(.TEXT)
    PVD_IRQHandler                           0x08000317   Thumb Code     0  init.o(.TEXT)
    RCC_IRQHandler                           0x08000317   Thumb Code     0  init.o(.TEXT)
    RTCAlarm_IRQHandler                      0x08000317   Thumb Code     0  init.o(.TEXT)
    RTC_IRQHandler                           0x08000317   Thumb Code     0  init.o(.TEXT)
    SDIO_IRQHandler                          0x08000317   Thumb Code     0  init.o(.TEXT)
    SPI1_IRQHandler                          0x08000317   Thumb Code     0  init.o(.TEXT)
    SPI2_IRQHandler                          0x08000317   Thumb Code     0  init.o(.TEXT)
    SPI3_IRQHandler                          0x08000317   Thumb Code     0  init.o(.TEXT)
    TAMPER_IRQHandler                        0x08000317   Thumb Code     0  init.o(.TEXT)
    TIM1_BRK_IRQHandler                      0x08000317   Thumb Code     0  init.o(.TEXT)
    TIM1_CC_IRQHandler                       0x08000317   Thumb Code     0  init.o(.TEXT)
    TIM1_TRG_COM_IRQHandler                  0x08000317   Thumb Code     0  init.o(.TEXT)
    TIM1_UP_IRQHandler                       0x08000317   Thumb Code     0  init.o(.TEXT)
    TIM2_IRQHandler                          0x08000317   Thumb Code     0  init.o(.TEXT)
    TIM3_IRQHandler                          0x08000317   Thumb Code     0  init.o(.TEXT)
    TIM4_IRQHandler                          0x08000317   Thumb Code     0  init.o(.TEXT)
    TIM5_IRQHandler                          0x08000317   Thumb Code     0  init.o(.TEXT)
    TIM6_IRQHandler                          0x08000317   Thumb Code     0  init.o(.TEXT)
    TIM7_IRQHandler                          0x08000317   Thumb Code     0  init.o(.TEXT)
    TIM8_BRK_IRQHandler                      0x08000317   Thumb Code     0  init.o(.TEXT)
    TIM8_CC_IRQHandler                       0x08000317   Thumb Code     0  init.o(.TEXT)
    TIM8_TRG_COM_IRQHandler                  0x08000317   Thumb Code     0  init.o(.TEXT)
    TIM8_UP_IRQHandler                       0x08000317   Thumb Code     0  init.o(.TEXT)
    UART4_IRQHandler                         0x08000317   Thumb Code     0  init.o(.TEXT)
    UART5_IRQHandler                         0x08000317   Thumb Code     0  init.o(.TEXT)
    USART2_IRQHandler                        0x08000317   Thumb Code     0  init.o(.TEXT)
    USART3_IRQHandler                        0x08000317   Thumb Code     0  init.o(.TEXT)
    USBWakeUp_IRQHandler                     0x08000317   Thumb Code     0  init.o(.TEXT)
    USB_HP_CAN1_TX_IRQHandler                0x08000317   Thumb Code     0  init.o(.TEXT)
    USB_LP_CAN1_RX0_IRQHandler               0x08000317   Thumb Code     0  init.o(.TEXT)
    WWDG_IRQHandler                          0x08000317   Thumb Code     0  init.o(.TEXT)
    RCC_INIT                                 0x08000319   Thumb Code   118  init.o(.TEXT)
    main                                     0x080003a5   Thumb Code     4  main.o(.text)
    __user_setup_stackheap                   0x080003a9   Thumb Code    74  sys_stackheap_outer.o(.text)
    exit                                     0x080003f3   Thumb Code    12  exit.o(.text)
    __user_libspace                          0x08000401   Thumb Code     8  libspace.o(.text)
    __user_perproc_libspace                  0x08000401   Thumb Code     0  libspace.o(.text)
    __user_perthread_libspace                0x08000401   Thumb Code     0  libspace.o(.text)
    __user_initial_stackheap                 0x08000409   Thumb Code    48  sys_stackheap.o(.text)
    _RW_Limit                                0x08000434   Data           0  sys_stackheap.o(.text)
    __I$use$semihosting                      0x08000439   Thumb Code     0  use_no_semi.o(.text)
    __use_no_semihosting_swi                 0x08000439   Thumb Code     2  use_no_semi.o(.text)
    __semihosting_library_function           0x0800043b   Thumb Code     0  indicate_semi.o(.text)
    _sys_exit                                0x0800043d   Thumb Code     8  sys_exit.o(.text)
    SYSTICK_INIT                             0x08000449   Thumb Code    30  common.o(COMMON_PROC)
    SYS_DELAY_MS                             0x08000467   Thumb Code    56  common.o(COMMON_PROC)
    USR_DELAY                                0x0800049f   Thumb Code    14  common.o(COMMON_PROC)
    NVIC_SET_GROUP                           0x080004ad   Thumb Code    44  common.o(COMMON_PROC)
    NVIC_SET_PRIO                            0x080004d9   Thumb Code    20  common.o(COMMON_PROC)
    NVIC_SET_ENABLE                          0x080004ed   Thumb Code    42  common.o(COMMON_PROC)
    KEY_INIT                                 0x08000541   Thumb Code   140  key.o(KEY_PROC)
    KEY_SCAN                                 0x080005cd   Thumb Code   118  key.o(KEY_PROC)
    LED_INIT                                 0x08000665   Thumb Code    56  led.o(LED_PROC)
    LEDB_ON                                  0x0800069d   Thumb Code    18  led.o(LED_PROC)
    LEDB_OFF                                 0x080006af   Thumb Code    18  led.o(LED_PROC)
    LEDR_ON                                  0x080006c1   Thumb Code    18  led.o(LED_PROC)
    LEDR_OFF                                 0x080006d3   Thumb Code    18  led.o(LED_PROC)
    LEDG_ON                                  0x080006e5   Thumb Code    18  led.o(LED_PROC)
    LEDG_OFF                                 0x080006f7   Thumb Code    18  led.o(LED_PROC)
    LCD_INIT                                 0x08000719   Thumb Code   940  tftlcd.o(TFTLCD_CODE)
    LCD_SET_WINDOW                           0x08000ac5   Thumb Code    88  tftlcd.o(TFTLCD_CODE)
    LCD_CLEAR                                0x08000b1d   Thumb Code    58  tftlcd.o(TFTLCD_CODE)
    LCD_DRAW_POINT                           0x08000b57   Thumb Code    76  tftlcd.o(TFTLCD_CODE)
    LCD_DRAW_CHAR                            0x08000ba3   Thumb Code    98  tftlcd.o(TFTLCD_CODE)
    LCD_DRAW_STR                             0x08000c05   Thumb Code    34  tftlcd.o(TFTLCD_CODE)
    USART1_INIT                              0x08000c35   Thumb Code   130  usart.o(USART_PROC)
    USART1_PUTC                              0x08000cb7   Thumb Code    22  usart.o(USART_PROC)
    USART1_GETC                              0x08000ccd   Thumb Code    64  usart.o(USART_PROC)
    USART1_IRQHandler                        0x08000d0d   Thumb Code    78  usart.o(USART_PROC)
    F_ASCII_16                               0x08000d8c   Data         736  font.o(FONT)
    Region$$Table$$Base                      0x0800137c   Number         0  anon$$obj.o(Region$$Table)
    Region$$Table$$Limit                     0x0800139c   Number         0  anon$$obj.o(Region$$Table)
    DELAY_NTIME                              0x20000000   Data           4  common.o(COMMON_DATA)
    __libspace_start                         0x20000110   Data          96  libspace.o(.bss)
    __temporary_stack_top$libspace           0x20000170   Data           0  libspace.o(.bss)



==============================================================================

Memory Map of the image

  Image Entry point : 0x080001f9

  Load Region LR_IROM1 (Base: 0x08000000, Size: 0x000014bc, Max: 0x00080000, ABSOLUTE)

    Execution Region ER_IROM1 (Base: 0x08000000, Size: 0x000013ac, Max: 0x00080000, ABSOLUTE)

    Base Addr    Size         Type   Attr      Idx    E Section Name        Object

    0x08000000   0x000001f8   Data   RO            2    RESET               init.o
    0x080001f8   0x00000008   Code   RO           47  * !!!main             c_w.l(__main.o)
    0x08000200   0x00000034   Code   RO          203    !!!scatter          c_w.l(__scatter.o)
    0x08000234   0x0000001a   Code   RO          205    !!handler_copy      c_w.l(__scatter_copy.o)
    0x0800024e   0x00000002   PAD
    0x08000250   0x0000001c   Code   RO          207    !!handler_zi        c_w.l(__scatter_zi.o)
    0x0800026c   0x00000002   Code   RO           74    .ARM.Collect$$libinit$$00000000  c_w.l(libinit.o)
    0x0800026e   0x00000000   Code   RO           83    .ARM.Collect$$libinit$$00000002  c_w.l(libinit2.o)
    0x0800026e   0x00000000   Code   RO           86    .ARM.Collect$$libinit$$00000008  c_w.l(libinit2.o)
    0x0800026e   0x00000000   Code   RO           88    .ARM.Collect$$libinit$$0000000A  c_w.l(libinit2.o)
    0x0800026e   0x00000000   Code   RO           90    .ARM.Collect$$libinit$$0000000C  c_w.l(libinit2.o)
    0x0800026e   0x00000000   Code   RO           93    .ARM.Collect$$libinit$$0000000F  c_w.l(libinit2.o)
    0x0800026e   0x00000000   Code   RO           95    .ARM.Collect$$libinit$$00000011  c_w.l(libinit2.o)
    0x0800026e   0x00000000   Code   RO           97    .ARM.Collect$$libinit$$00000013  c_w.l(libinit2.o)
    0x0800026e   0x00000000   Code   RO           99    .ARM.Collect$$libinit$$00000015  c_w.l(libinit2.o)
    0x0800026e   0x00000000   Code   RO          101    .ARM.Collect$$libinit$$00000017  c_w.l(libinit2.o)
    0x0800026e   0x00000000   Code   RO          103    .ARM.Collect$$libinit$$00000019  c_w.l(libinit2.o)
    0x0800026e   0x00000000   Code   RO          105    .ARM.Collect$$libinit$$0000001B  c_w.l(libinit2.o)
    0x0800026e   0x00000000   Code   RO          107    .ARM.Collect$$libinit$$0000001D  c_w.l(libinit2.o)
    0x0800026e   0x00000000   Code   RO          109    .ARM.Collect$$libinit$$0000001F  c_w.l(libinit2.o)
    0x0800026e   0x00000000   Code   RO          111    .ARM.Collect$$libinit$$00000021  c_w.l(libinit2.o)
    0x0800026e   0x00000000   Code   RO          113    .ARM.Collect$$libinit$$00000023  c_w.l(libinit2.o)
    0x0800026e   0x00000000   Code   RO          117    .ARM.Collect$$libinit$$0000002A  c_w.l(libinit2.o)
    0x0800026e   0x00000000   Code   RO          119    .ARM.Collect$$libinit$$0000002C  c_w.l(libinit2.o)
    0x0800026e   0x00000000   Code   RO          121    .ARM.Collect$$libinit$$0000002E  c_w.l(libinit2.o)
    0x0800026e   0x00000000   Code   RO          123    .ARM.Collect$$libinit$$00000030  c_w.l(libinit2.o)
    0x0800026e   0x00000002   Code   RO          124    .ARM.Collect$$libinit$$00000031  c_w.l(libinit2.o)
    0x08000270   0x00000002   Code   RO          147    .ARM.Collect$$libshutdown$$00000000  c_w.l(libshutdown.o)
    0x08000272   0x00000000   Code   RO          158    .ARM.Collect$$libshutdown$$00000003  c_w.l(libshutdown2.o)
    0x08000272   0x00000000   Code   RO          161    .ARM.Collect$$libshutdown$$00000006  c_w.l(libshutdown2.o)
    0x08000272   0x00000000   Code   RO          164    .ARM.Collect$$libshutdown$$00000009  c_w.l(libshutdown2.o)
    0x08000272   0x00000000   Code   RO          166    .ARM.Collect$$libshutdown$$0000000B  c_w.l(libshutdown2.o)
    0x08000272   0x00000000   Code   RO          169    .ARM.Collect$$libshutdown$$0000000E  c_w.l(libshutdown2.o)
    0x08000272   0x00000002   Code   RO          170    .ARM.Collect$$libshutdown$$0000000F  c_w.l(libshutdown2.o)
    0x08000274   0x00000000   Code   RO           49    .ARM.Collect$$rtentry$$00000000  c_w.l(rtentry.o)
    0x08000274   0x00000000   Code   RO           51    .ARM.Collect$$rtentry$$00000002  c_w.l(rtentry2.o)
    0x08000274   0x00000006   Code   RO           63    .ARM.Collect$$rtentry$$00000004  c_w.l(rtentry4.o)
    0x0800027a   0x00000000   Code   RO           53    .ARM.Collect$$rtentry$$00000009  c_w.l(rtentry2.o)
    0x0800027a   0x00000004   Code   RO           54    .ARM.Collect$$rtentry$$0000000A  c_w.l(rtentry2.o)
    0x0800027e   0x00000000   Code   RO           56    .ARM.Collect$$rtentry$$0000000C  c_w.l(rtentry2.o)
    0x0800027e   0x00000008   Code   RO           57    .ARM.Collect$$rtentry$$0000000D  c_w.l(rtentry2.o)
    0x08000286   0x00000002   Code   RO           80    .ARM.Collect$$rtexit$$00000000  c_w.l(rtexit.o)
    0x08000288   0x00000000   Code   RO          129    .ARM.Collect$$rtexit$$00000002  c_w.l(rtexit2.o)
    0x08000288   0x00000004   Code   RO          130    .ARM.Collect$$rtexit$$00000003  c_w.l(rtexit2.o)
    0x0800028c   0x00000006   Code   RO          131    .ARM.Collect$$rtexit$$00000004  c_w.l(rtexit2.o)
    0x08000292   0x00000002   PAD
    0x08000294   0x00000110   Code   RO            4    .TEXT               init.o
    0x080003a4   0x00000004   Code   RO           34    .text               main.o
    0x080003a8   0x0000004a   Code   RO           65    .text               c_w.l(sys_stackheap_outer.o)
    0x080003f2   0x0000000c   Code   RO           67    .text               c_w.l(exit.o)
    0x080003fe   0x00000002   PAD
    0x08000400   0x00000008   Code   RO           75    .text               c_w.l(libspace.o)
    0x08000408   0x00000030   Code   RO           78    .text               c_w.l(sys_stackheap.o)
    0x08000438   0x00000002   Code   RO          125    .text               c_w.l(use_no_semi.o)
    0x0800043a   0x00000000   Code   RO          127    .text               c_w.l(indicate_semi.o)
    0x0800043a   0x00000002   PAD
    0x0800043c   0x0000000c   Code   RO          139    .text               c_w.l(sys_exit.o)
    0x08000448   0x000000f8   Code   RO           15    COMMON_PROC         common.o
    0x08000540   0x00000124   Code   RO           21    KEY_PROC            key.o
    0x08000664   0x000000b4   Code   RO           10    LED_PROC            led.o
    0x08000718   0x0000051c   Code   RO           30    TFTLCD_CODE         tftlcd.o
    0x08000c34   0x00000158   Code   RO           26    USART_PROC          usart.o
    0x08000d8c   0x000005f0   Data   RO           44    FONT                font.o
    0x0800137c   0x00000020   Data   RO          201    Region$$Table       anon$$obj.o
    0x0800139c   0x0000000e   Data   RO            3    SYS_DATA            init.o


    Execution Region RW_IRAM1 (Base: 0x20000000, Size: 0x00000970, Max: 0x00010000, ABSOLUTE)

    Base Addr    Size         Type   Attr      Idx    E Section Name        Object

    0x20000000   0x00000004   Code   RW           14    COMMON_DATA         common.o
    0x20000004   0x0000010b   Data   RW           25    USART_DATA          usart.o
    0x2000010f   0x00000001   PAD
    0x20000110   0x00000060   Zero   RW           76    .bss                c_w.l(libspace.o)
    0x20000170   0x00000800   Zero   RW            1    USER_STACK          init.o


==============================================================================

Image component sizes


      Code (inc. data)   RO Data    RW Data    ZI Data      Debug   Object Name

       252         46          0          0          0        700   common.o
         0          0       1520          0          0          0   font.o
       272         22        518          0       2048        836   init.o
       292         34          0          0          0        384   key.o
       180         16          0          0          0        520   led.o
         4          0          0          0          0       1799   main.o
      1308         94          0          0          0        852   tftlcd.o
       344         50          0        267          0        500   usart.o

    ----------------------------------------------------------------------
      2652        262       2072        268       2048       5591   Object Totals
         0          0         32          0          0          0   (incl. Generated)
         0          0          2          1          0          0   (incl. Padding)

    ----------------------------------------------------------------------

      Code (inc. data)   RO Data    RW Data    ZI Data      Debug   Library Member Name

         8          0          0          0          0         68   __main.o
        52          8          0          0          0          0   __scatter.o
        26          0          0          0          0          0   __scatter_copy.o
        28          0          0          0          0          0   __scatter_zi.o
        12          0          0          0          0         72   exit.o
         0          0          0          0          0          0   indicate_semi.o
         2          0          0          0          0          0   libinit.o
         2          0          0          0          0          0   libinit2.o
         2          0          0          0          0          0   libshutdown.o
         2          0          0          0          0          0   libshutdown2.o
         8          4          0          0         96         68   libspace.o
         0          0          0          0          0          0   rtentry.o
        12          0          0          0          0          0   rtentry2.o
         6          0          0          0          0          0   rtentry4.o
         2          0          0          0          0          0   rtexit.o
        10          0          0          0          0          0   rtexit2.o
        12          4          0          0          0         68   sys_exit.o
        48          8          0          0          0         80   sys_stackheap.o
        74          0          0          0          0         80   sys_stackheap_outer.o
         2          0          0          0          0         68   use_no_semi.o

    ----------------------------------------------------------------------
       316         24          0          0         96        504   Library Totals
         8          0          0          0          0          0   (incl. Padding)

    ----------------------------------------------------------------------

      Code (inc. data)   RO Data    RW Data    ZI Data      Debug   Library Name

       308         24          0          0         96        504   c_w.l

    ----------------------------------------------------------------------
       316         24          0          0         96        504   Library Totals

    ----------------------------------------------------------------------

==============================================================================


      Code (inc. data)   RO Data    RW Data    ZI Data      Debug   

      2968        286       2072        268       2144       5523   Grand Totals
      2968        286       2072        268       2144       5523   ELF Image Totals
      2968        286       2072        268          0          0   ROM Totals

==============================================================================

    Total RO  Size (Code + RO Data)                 5040 (   4.92kB)
    Total RW  Size (RW Data + ZI Data)              2412 (   2.36kB)
    Total ROM Size (Code + RO Data + RW Data)       5308 (   5.18kB)

==============================================================================

